stem, ponder, horse, private, 
stem, ponder, horse, naive, 
stem, ponder, horse, bait, 
stem, ponder, private, naive, 
stem, ponder, private, bait, 
stem, ponder, naive, bait, 
stem, horse, private, naive, 
stem, horse, private, bait, 
stem, horse, naive, bait, 
stem, private, naive, bait, 
ponder, horse, private, naive, 
ponder, horse, private, bait, 
ponder, horse, naive, bait, 
ponder, private, naive, bait, 
horse, private, naive, bait, 
