stem, ponder, horse, private, naive, bait, 
stem, ponder, horse, private, bait, naive, 
stem, ponder, horse, naive, private, bait, 
stem, ponder, horse, naive, bait, private, 
stem, ponder, horse, bait, naive, private, 
stem, ponder, horse, bait, private, naive, 
stem, ponder, private, horse, naive, bait, 
stem, ponder, private, horse, bait, naive, 
stem, ponder, private, naive, horse, bait, 
stem, ponder, private, naive, bait, horse, 
stem, ponder, private, bait, naive, horse, 
stem, ponder, private, bait, horse, naive, 
stem, ponder, naive, private, horse, bait, 
stem, ponder, naive, private, bait, horse, 
stem, ponder, naive, horse, private, bait, 
stem, ponder, naive, horse, bait, private, 
stem, ponder, naive, bait, horse, private, 
stem, ponder, naive, bait, private, horse, 
stem, ponder, bait, private, naive, horse, 
stem, ponder, bait, private, horse, naive, 
stem, ponder, bait, naive, private, horse, 
stem, ponder, bait, naive, horse, private, 
stem, ponder, bait, horse, naive, private, 
stem, ponder, bait, horse, private, naive, 
stem, horse, ponder, private, naive, bait, 
stem, horse, ponder, private, bait, naive, 
stem, horse, ponder, naive, private, bait, 
stem, horse, ponder, naive, bait, private, 
stem, horse, ponder, bait, naive, private, 
stem, horse, ponder, bait, private, naive, 
stem, horse, private, ponder, naive, bait, 
stem, horse, private, ponder, bait, naive, 
stem, horse, private, naive, ponder, bait, 
stem, horse, private, naive, bait, ponder, 
stem, horse, private, bait, naive, ponder, 
stem, horse, private, bait, ponder, naive, 
stem, horse, naive, private, ponder, bait, 
stem, horse, naive, private, bait, ponder, 
stem, horse, naive, ponder, private, bait, 
stem, horse, naive, ponder, bait, private, 
stem, horse, naive, bait, ponder, private, 
stem, horse, naive, bait, private, ponder, 
stem, horse, bait, private, naive, ponder, 
stem, horse, bait, private, ponder, naive, 
stem, horse, bait, naive, private, ponder, 
stem, horse, bait, naive, ponder, private, 
stem, horse, bait, ponder, naive, private, 
stem, horse, bait, ponder, private, naive, 
stem, private, horse, ponder, naive, bait, 
stem, private, horse, ponder, bait, naive, 
stem, private, horse, naive, ponder, bait, 
stem, private, horse, naive, bait, ponder, 
stem, private, horse, bait, naive, ponder, 
stem, private, horse, bait, ponder, naive, 
stem, private, ponder, horse, naive, bait, 
stem, private, ponder, horse, bait, naive, 
stem, private, ponder, naive, horse, bait, 
stem, private, ponder, naive, bait, horse, 
stem, private, ponder, bait, naive, horse, 
stem, private, ponder, bait, horse, naive, 
stem, private, naive, ponder, horse, bait, 
stem, private, naive, ponder, bait, horse, 
stem, private, naive, horse, ponder, bait, 
stem, private, naive, horse, bait, ponder, 
stem, private, naive, bait, horse, ponder, 
stem, private, naive, bait, ponder, horse, 
stem, private, bait, ponder, naive, horse, 
stem, private, bait, ponder, horse, naive, 
stem, private, bait, naive, ponder, horse, 
stem, private, bait, naive, horse, ponder, 
stem, private, bait, horse, naive, ponder, 
stem, private, bait, horse, ponder, naive, 
stem, naive, horse, private, ponder, bait, 
stem, naive, horse, private, bait, ponder, 
stem, naive, horse, ponder, private, bait, 
stem, naive, horse, ponder, bait, private, 
stem, naive, horse, bait, ponder, private, 
stem, naive, horse, bait, private, ponder, 
stem, naive, private, horse, ponder, bait, 
stem, naive, private, horse, bait, ponder, 
stem, naive, private, ponder, horse, bait, 
stem, naive, private, ponder, bait, horse, 
stem, naive, private, bait, ponder, horse, 
stem, naive, private, bait, horse, ponder, 
stem, naive, ponder, private, horse, bait, 
stem, naive, ponder, private, bait, horse, 
stem, naive, ponder, horse, private, bait, 
stem, naive, ponder, horse, bait, private, 
stem, naive, ponder, bait, horse, private, 
stem, naive, ponder, bait, private, horse, 
stem, naive, bait, private, ponder, horse, 
stem, naive, bait, private, horse, ponder, 
stem, naive, bait, ponder, private, horse, 
stem, naive, bait, ponder, horse, private, 
stem, naive, bait, horse, ponder, private, 
stem, naive, bait, horse, private, ponder, 
stem, bait, horse, private, naive, ponder, 
stem, bait, horse, private, ponder, naive, 
stem, bait, horse, naive, private, ponder, 
stem, bait, horse, naive, ponder, private, 
stem, bait, horse, ponder, naive, private, 
stem, bait, horse, ponder, private, naive, 
stem, bait, private, horse, naive, ponder, 
stem, bait, private, horse, ponder, naive, 
stem, bait, private, naive, horse, ponder, 
stem, bait, private, naive, ponder, horse, 
stem, bait, private, ponder, naive, horse, 
stem, bait, private, ponder, horse, naive, 
stem, bait, naive, private, horse, ponder, 
stem, bait, naive, private, ponder, horse, 
stem, bait, naive, horse, private, ponder, 
stem, bait, naive, horse, ponder, private, 
stem, bait, naive, ponder, horse, private, 
stem, bait, naive, ponder, private, horse, 
stem, bait, ponder, private, naive, horse, 
stem, bait, ponder, private, horse, naive, 
stem, bait, ponder, naive, private, horse, 
stem, bait, ponder, naive, horse, private, 
stem, bait, ponder, horse, naive, private, 
stem, bait, ponder, horse, private, naive, 
ponder, stem, horse, private, naive, bait, 
ponder, stem, horse, private, bait, naive, 
ponder, stem, horse, naive, private, bait, 
ponder, stem, horse, naive, bait, private, 
ponder, stem, horse, bait, naive, private, 
ponder, stem, horse, bait, private, naive, 
ponder, stem, private, horse, naive, bait, 
ponder, stem, private, horse, bait, naive, 
ponder, stem, private, naive, horse, bait, 
ponder, stem, private, naive, bait, horse, 
ponder, stem, private, bait, naive, horse, 
ponder, stem, private, bait, horse, naive, 
ponder, stem, naive, private, horse, bait, 
ponder, stem, naive, private, bait, horse, 
ponder, stem, naive, horse, private, bait, 
ponder, stem, naive, horse, bait, private, 
ponder, stem, naive, bait, horse, private, 
ponder, stem, naive, bait, private, horse, 
ponder, stem, bait, private, naive, horse, 
ponder, stem, bait, private, horse, naive, 
ponder, stem, bait, naive, private, horse, 
ponder, stem, bait, naive, horse, private, 
ponder, stem, bait, horse, naive, private, 
ponder, stem, bait, horse, private, naive, 
ponder, horse, stem, private, naive, bait, 
ponder, horse, stem, private, bait, naive, 
ponder, horse, stem, naive, private, bait, 
ponder, horse, stem, naive, bait, private, 
ponder, horse, stem, bait, naive, private, 
ponder, horse, stem, bait, private, naive, 
ponder, horse, private, stem, naive, bait, 
ponder, horse, private, stem, bait, naive, 
ponder, horse, private, naive, stem, bait, 
ponder, horse, private, naive, bait, stem, 
ponder, horse, private, bait, naive, stem, 
ponder, horse, private, bait, stem, naive, 
ponder, horse, naive, private, stem, bait, 
ponder, horse, naive, private, bait, stem, 
ponder, horse, naive, stem, private, bait, 
ponder, horse, naive, stem, bait, private, 
ponder, horse, naive, bait, stem, private, 
ponder, horse, naive, bait, private, stem, 
ponder, horse, bait, private, naive, stem, 
ponder, horse, bait, private, stem, naive, 
ponder, horse, bait, naive, private, stem, 
ponder, horse, bait, naive, stem, private, 
ponder, horse, bait, stem, naive, private, 
ponder, horse, bait, stem, private, naive, 
ponder, private, horse, stem, naive, bait, 
ponder, private, horse, stem, bait, naive, 
ponder, private, horse, naive, stem, bait, 
ponder, private, horse, naive, bait, stem, 
ponder, private, horse, bait, naive, stem, 
ponder, private, horse, bait, stem, naive, 
ponder, private, stem, horse, naive, bait, 
ponder, private, stem, horse, bait, naive, 
ponder, private, stem, naive, horse, bait, 
ponder, private, stem, naive, bait, horse, 
ponder, private, stem, bait, naive, horse, 
ponder, private, stem, bait, horse, naive, 
ponder, private, naive, stem, horse, bait, 
ponder, private, naive, stem, bait, horse, 
ponder, private, naive, horse, stem, bait, 
ponder, private, naive, horse, bait, stem, 
ponder, private, naive, bait, horse, stem, 
ponder, private, naive, bait, stem, horse, 
ponder, private, bait, stem, naive, horse, 
ponder, private, bait, stem, horse, naive, 
ponder, private, bait, naive, stem, horse, 
ponder, private, bait, naive, horse, stem, 
ponder, private, bait, horse, naive, stem, 
ponder, private, bait, horse, stem, naive, 
ponder, naive, horse, private, stem, bait, 
ponder, naive, horse, private, bait, stem, 
ponder, naive, horse, stem, private, bait, 
ponder, naive, horse, stem, bait, private, 
ponder, naive, horse, bait, stem, private, 
ponder, naive, horse, bait, private, stem, 
ponder, naive, private, horse, stem, bait, 
ponder, naive, private, horse, bait, stem, 
ponder, naive, private, stem, horse, bait, 
ponder, naive, private, stem, bait, horse, 
ponder, naive, private, bait, stem, horse, 
ponder, naive, private, bait, horse, stem, 
ponder, naive, stem, private, horse, bait, 
ponder, naive, stem, private, bait, horse, 
ponder, naive, stem, horse, private, bait, 
ponder, naive, stem, horse, bait, private, 
ponder, naive, stem, bait, horse, private, 
ponder, naive, stem, bait, private, horse, 
ponder, naive, bait, private, stem, horse, 
ponder, naive, bait, private, horse, stem, 
ponder, naive, bait, stem, private, horse, 
ponder, naive, bait, stem, horse, private, 
ponder, naive, bait, horse, stem, private, 
ponder, naive, bait, horse, private, stem, 
ponder, bait, horse, private, naive, stem, 
ponder, bait, horse, private, stem, naive, 
ponder, bait, horse, naive, private, stem, 
ponder, bait, horse, naive, stem, private, 
ponder, bait, horse, stem, naive, private, 
ponder, bait, horse, stem, private, naive, 
ponder, bait, private, horse, naive, stem, 
ponder, bait, private, horse, stem, naive, 
ponder, bait, private, naive, horse, stem, 
ponder, bait, private, naive, stem, horse, 
ponder, bait, private, stem, naive, horse, 
ponder, bait, private, stem, horse, naive, 
ponder, bait, naive, private, horse, stem, 
ponder, bait, naive, private, stem, horse, 
ponder, bait, naive, horse, private, stem, 
ponder, bait, naive, horse, stem, private, 
ponder, bait, naive, stem, horse, private, 
ponder, bait, naive, stem, private, horse, 
ponder, bait, stem, private, naive, horse, 
ponder, bait, stem, private, horse, naive, 
ponder, bait, stem, naive, private, horse, 
ponder, bait, stem, naive, horse, private, 
ponder, bait, stem, horse, naive, private, 
ponder, bait, stem, horse, private, naive, 
horse, ponder, stem, private, naive, bait, 
horse, ponder, stem, private, bait, naive, 
horse, ponder, stem, naive, private, bait, 
horse, ponder, stem, naive, bait, private, 
horse, ponder, stem, bait, naive, private, 
horse, ponder, stem, bait, private, naive, 
horse, ponder, private, stem, naive, bait, 
horse, ponder, private, stem, bait, naive, 
horse, ponder, private, naive, stem, bait, 
horse, ponder, private, naive, bait, stem, 
horse, ponder, private, bait, naive, stem, 
horse, ponder, private, bait, stem, naive, 
horse, ponder, naive, private, stem, bait, 
horse, ponder, naive, private, bait, stem, 
horse, ponder, naive, stem, private, bait, 
horse, ponder, naive, stem, bait, private, 
horse, ponder, naive, bait, stem, private, 
horse, ponder, naive, bait, private, stem, 
horse, ponder, bait, private, naive, stem, 
horse, ponder, bait, private, stem, naive, 
horse, ponder, bait, naive, private, stem, 
horse, ponder, bait, naive, stem, private, 
horse, ponder, bait, stem, naive, private, 
horse, ponder, bait, stem, private, naive, 
horse, stem, ponder, private, naive, bait, 
horse, stem, ponder, private, bait, naive, 
horse, stem, ponder, naive, private, bait, 
horse, stem, ponder, naive, bait, private, 
horse, stem, ponder, bait, naive, private, 
horse, stem, ponder, bait, private, naive, 
horse, stem, private, ponder, naive, bait, 
horse, stem, private, ponder, bait, naive, 
horse, stem, private, naive, ponder, bait, 
horse, stem, private, naive, bait, ponder, 
horse, stem, private, bait, naive, ponder, 
horse, stem, private, bait, ponder, naive, 
horse, stem, naive, private, ponder, bait, 
horse, stem, naive, private, bait, ponder, 
horse, stem, naive, ponder, private, bait, 
horse, stem, naive, ponder, bait, private, 
horse, stem, naive, bait, ponder, private, 
horse, stem, naive, bait, private, ponder, 
horse, stem, bait, private, naive, ponder, 
horse, stem, bait, private, ponder, naive, 
horse, stem, bait, naive, private, ponder, 
horse, stem, bait, naive, ponder, private, 
horse, stem, bait, ponder, naive, private, 
horse, stem, bait, ponder, private, naive, 
horse, private, stem, ponder, naive, bait, 
horse, private, stem, ponder, bait, naive, 
horse, private, stem, naive, ponder, bait, 
horse, private, stem, naive, bait, ponder, 
horse, private, stem, bait, naive, ponder, 
horse, private, stem, bait, ponder, naive, 
horse, private, ponder, stem, naive, bait, 
horse, private, ponder, stem, bait, naive, 
horse, private, ponder, naive, stem, bait, 
horse, private, ponder, naive, bait, stem, 
horse, private, ponder, bait, naive, stem, 
horse, private, ponder, bait, stem, naive, 
horse, private, naive, ponder, stem, bait, 
horse, private, naive, ponder, bait, stem, 
horse, private, naive, stem, ponder, bait, 
horse, private, naive, stem, bait, ponder, 
horse, private, naive, bait, stem, ponder, 
horse, private, naive, bait, ponder, stem, 
horse, private, bait, ponder, naive, stem, 
horse, private, bait, ponder, stem, naive, 
horse, private, bait, naive, ponder, stem, 
horse, private, bait, naive, stem, ponder, 
horse, private, bait, stem, naive, ponder, 
horse, private, bait, stem, ponder, naive, 
horse, naive, stem, private, ponder, bait, 
horse, naive, stem, private, bait, ponder, 
horse, naive, stem, ponder, private, bait, 
horse, naive, stem, ponder, bait, private, 
horse, naive, stem, bait, ponder, private, 
horse, naive, stem, bait, private, ponder, 
horse, naive, private, stem, ponder, bait, 
horse, naive, private, stem, bait, ponder, 
horse, naive, private, ponder, stem, bait, 
horse, naive, private, ponder, bait, stem, 
horse, naive, private, bait, ponder, stem, 
horse, naive, private, bait, stem, ponder, 
horse, naive, ponder, private, stem, bait, 
horse, naive, ponder, private, bait, stem, 
horse, naive, ponder, stem, private, bait, 
horse, naive, ponder, stem, bait, private, 
horse, naive, ponder, bait, stem, private, 
horse, naive, ponder, bait, private, stem, 
horse, naive, bait, private, ponder, stem, 
horse, naive, bait, private, stem, ponder, 
horse, naive, bait, ponder, private, stem, 
horse, naive, bait, ponder, stem, private, 
horse, naive, bait, stem, ponder, private, 
horse, naive, bait, stem, private, ponder, 
horse, bait, stem, private, naive, ponder, 
horse, bait, stem, private, ponder, naive, 
horse, bait, stem, naive, private, ponder, 
horse, bait, stem, naive, ponder, private, 
horse, bait, stem, ponder, naive, private, 
horse, bait, stem, ponder, private, naive, 
horse, bait, private, stem, naive, ponder, 
horse, bait, private, stem, ponder, naive, 
horse, bait, private, naive, stem, ponder, 
horse, bait, private, naive, ponder, stem, 
horse, bait, private, ponder, naive, stem, 
horse, bait, private, ponder, stem, naive, 
horse, bait, naive, private, stem, ponder, 
horse, bait, naive, private, ponder, stem, 
horse, bait, naive, stem, private, ponder, 
horse, bait, naive, stem, ponder, private, 
horse, bait, naive, ponder, stem, private, 
horse, bait, naive, ponder, private, stem, 
horse, bait, ponder, private, naive, stem, 
horse, bait, ponder, private, stem, naive, 
horse, bait, ponder, naive, private, stem, 
horse, bait, ponder, naive, stem, private, 
horse, bait, ponder, stem, naive, private, 
horse, bait, ponder, stem, private, naive, 
private, ponder, horse, stem, naive, bait, 
private, ponder, horse, stem, bait, naive, 
private, ponder, horse, naive, stem, bait, 
private, ponder, horse, naive, bait, stem, 
private, ponder, horse, bait, naive, stem, 
private, ponder, horse, bait, stem, naive, 
private, ponder, stem, horse, naive, bait, 
private, ponder, stem, horse, bait, naive, 
private, ponder, stem, naive, horse, bait, 
private, ponder, stem, naive, bait, horse, 
private, ponder, stem, bait, naive, horse, 
private, ponder, stem, bait, horse, naive, 
private, ponder, naive, stem, horse, bait, 
private, ponder, naive, stem, bait, horse, 
private, ponder, naive, horse, stem, bait, 
private, ponder, naive, horse, bait, stem, 
private, ponder, naive, bait, horse, stem, 
private, ponder, naive, bait, stem, horse, 
private, ponder, bait, stem, naive, horse, 
private, ponder, bait, stem, horse, naive, 
private, ponder, bait, naive, stem, horse, 
private, ponder, bait, naive, horse, stem, 
private, ponder, bait, horse, naive, stem, 
private, ponder, bait, horse, stem, naive, 
private, horse, ponder, stem, naive, bait, 
private, horse, ponder, stem, bait, naive, 
private, horse, ponder, naive, stem, bait, 
private, horse, ponder, naive, bait, stem, 
private, horse, ponder, bait, naive, stem, 
private, horse, ponder, bait, stem, naive, 
private, horse, stem, ponder, naive, bait, 
private, horse, stem, ponder, bait, naive, 
private, horse, stem, naive, ponder, bait, 
private, horse, stem, naive, bait, ponder, 
private, horse, stem, bait, naive, ponder, 
private, horse, stem, bait, ponder, naive, 
private, horse, naive, stem, ponder, bait, 
private, horse, naive, stem, bait, ponder, 
private, horse, naive, ponder, stem, bait, 
private, horse, naive, ponder, bait, stem, 
private, horse, naive, bait, ponder, stem, 
private, horse, naive, bait, stem, ponder, 
private, horse, bait, stem, naive, ponder, 
private, horse, bait, stem, ponder, naive, 
private, horse, bait, naive, stem, ponder, 
private, horse, bait, naive, ponder, stem, 
private, horse, bait, ponder, naive, stem, 
private, horse, bait, ponder, stem, naive, 
private, stem, horse, ponder, naive, bait, 
private, stem, horse, ponder, bait, naive, 
private, stem, horse, naive, ponder, bait, 
private, stem, horse, naive, bait, ponder, 
private, stem, horse, bait, naive, ponder, 
private, stem, horse, bait, ponder, naive, 
private, stem, ponder, horse, naive, bait, 
private, stem, ponder, horse, bait, naive, 
private, stem, ponder, naive, horse, bait, 
private, stem, ponder, naive, bait, horse, 
private, stem, ponder, bait, naive, horse, 
private, stem, ponder, bait, horse, naive, 
private, stem, naive, ponder, horse, bait, 
private, stem, naive, ponder, bait, horse, 
private, stem, naive, horse, ponder, bait, 
private, stem, naive, horse, bait, ponder, 
private, stem, naive, bait, horse, ponder, 
private, stem, naive, bait, ponder, horse, 
private, stem, bait, ponder, naive, horse, 
private, stem, bait, ponder, horse, naive, 
private, stem, bait, naive, ponder, horse, 
private, stem, bait, naive, horse, ponder, 
private, stem, bait, horse, naive, ponder, 
private, stem, bait, horse, ponder, naive, 
private, naive, horse, stem, ponder, bait, 
private, naive, horse, stem, bait, ponder, 
private, naive, horse, ponder, stem, bait, 
private, naive, horse, ponder, bait, stem, 
private, naive, horse, bait, ponder, stem, 
private, naive, horse, bait, stem, ponder, 
private, naive, stem, horse, ponder, bait, 
private, naive, stem, horse, bait, ponder, 
private, naive, stem, ponder, horse, bait, 
private, naive, stem, ponder, bait, horse, 
private, naive, stem, bait, ponder, horse, 
private, naive, stem, bait, horse, ponder, 
private, naive, ponder, stem, horse, bait, 
private, naive, ponder, stem, bait, horse, 
private, naive, ponder, horse, stem, bait, 
private, naive, ponder, horse, bait, stem, 
private, naive, ponder, bait, horse, stem, 
private, naive, ponder, bait, stem, horse, 
private, naive, bait, stem, ponder, horse, 
private, naive, bait, stem, horse, ponder, 
private, naive, bait, ponder, stem, horse, 
private, naive, bait, ponder, horse, stem, 
private, naive, bait, horse, ponder, stem, 
private, naive, bait, horse, stem, ponder, 
private, bait, horse, stem, naive, ponder, 
private, bait, horse, stem, ponder, naive, 
private, bait, horse, naive, stem, ponder, 
private, bait, horse, naive, ponder, stem, 
private, bait, horse, ponder, naive, stem, 
private, bait, horse, ponder, stem, naive, 
private, bait, stem, horse, naive, ponder, 
private, bait, stem, horse, ponder, naive, 
private, bait, stem, naive, horse, ponder, 
private, bait, stem, naive, ponder, horse, 
private, bait, stem, ponder, naive, horse, 
private, bait, stem, ponder, horse, naive, 
private, bait, naive, stem, horse, ponder, 
private, bait, naive, stem, ponder, horse, 
private, bait, naive, horse, stem, ponder, 
private, bait, naive, horse, ponder, stem, 
private, bait, naive, ponder, horse, stem, 
private, bait, naive, ponder, stem, horse, 
private, bait, ponder, stem, naive, horse, 
private, bait, ponder, stem, horse, naive, 
private, bait, ponder, naive, stem, horse, 
private, bait, ponder, naive, horse, stem, 
private, bait, ponder, horse, naive, stem, 
private, bait, ponder, horse, stem, naive, 
naive, ponder, horse, private, stem, bait, 
naive, ponder, horse, private, bait, stem, 
naive, ponder, horse, stem, private, bait, 
naive, ponder, horse, stem, bait, private, 
naive, ponder, horse, bait, stem, private, 
naive, ponder, horse, bait, private, stem, 
naive, ponder, private, horse, stem, bait, 
naive, ponder, private, horse, bait, stem, 
naive, ponder, private, stem, horse, bait, 
naive, ponder, private, stem, bait, horse, 
naive, ponder, private, bait, stem, horse, 
naive, ponder, private, bait, horse, stem, 
naive, ponder, stem, private, horse, bait, 
naive, ponder, stem, private, bait, horse, 
naive, ponder, stem, horse, private, bait, 
naive, ponder, stem, horse, bait, private, 
naive, ponder, stem, bait, horse, private, 
naive, ponder, stem, bait, private, horse, 
naive, ponder, bait, private, stem, horse, 
naive, ponder, bait, private, horse, stem, 
naive, ponder, bait, stem, private, horse, 
naive, ponder, bait, stem, horse, private, 
naive, ponder, bait, horse, stem, private, 
naive, ponder, bait, horse, private, stem, 
naive, horse, ponder, private, stem, bait, 
naive, horse, ponder, private, bait, stem, 
naive, horse, ponder, stem, private, bait, 
naive, horse, ponder, stem, bait, private, 
naive, horse, ponder, bait, stem, private, 
naive, horse, ponder, bait, private, stem, 
naive, horse, private, ponder, stem, bait, 
naive, horse, private, ponder, bait, stem, 
naive, horse, private, stem, ponder, bait, 
naive, horse, private, stem, bait, ponder, 
naive, horse, private, bait, stem, ponder, 
naive, horse, private, bait, ponder, stem, 
naive, horse, stem, private, ponder, bait, 
naive, horse, stem, private, bait, ponder, 
naive, horse, stem, ponder, private, bait, 
naive, horse, stem, ponder, bait, private, 
naive, horse, stem, bait, ponder, private, 
naive, horse, stem, bait, private, ponder, 
naive, horse, bait, private, stem, ponder, 
naive, horse, bait, private, ponder, stem, 
naive, horse, bait, stem, private, ponder, 
naive, horse, bait, stem, ponder, private, 
naive, horse, bait, ponder, stem, private, 
naive, horse, bait, ponder, private, stem, 
naive, private, horse, ponder, stem, bait, 
naive, private, horse, ponder, bait, stem, 
naive, private, horse, stem, ponder, bait, 
naive, private, horse, stem, bait, ponder, 
naive, private, horse, bait, stem, ponder, 
naive, private, horse, bait, ponder, stem, 
naive, private, ponder, horse, stem, bait, 
naive, private, ponder, horse, bait, stem, 
naive, private, ponder, stem, horse, bait, 
naive, private, ponder, stem, bait, horse, 
naive, private, ponder, bait, stem, horse, 
naive, private, ponder, bait, horse, stem, 
naive, private, stem, ponder, horse, bait, 
naive, private, stem, ponder, bait, horse, 
naive, private, stem, horse, ponder, bait, 
naive, private, stem, horse, bait, ponder, 
naive, private, stem, bait, horse, ponder, 
naive, private, stem, bait, ponder, horse, 
naive, private, bait, ponder, stem, horse, 
naive, private, bait, ponder, horse, stem, 
naive, private, bait, stem, ponder, horse, 
naive, private, bait, stem, horse, ponder, 
naive, private, bait, horse, stem, ponder, 
naive, private, bait, horse, ponder, stem, 
naive, stem, horse, private, ponder, bait, 
naive, stem, horse, private, bait, ponder, 
naive, stem, horse, ponder, private, bait, 
naive, stem, horse, ponder, bait, private, 
naive, stem, horse, bait, ponder, private, 
naive, stem, horse, bait, private, ponder, 
naive, stem, private, horse, ponder, bait, 
naive, stem, private, horse, bait, ponder, 
naive, stem, private, ponder, horse, bait, 
naive, stem, private, ponder, bait, horse, 
naive, stem, private, bait, ponder, horse, 
naive, stem, private, bait, horse, ponder, 
naive, stem, ponder, private, horse, bait, 
naive, stem, ponder, private, bait, horse, 
naive, stem, ponder, horse, private, bait, 
naive, stem, ponder, horse, bait, private, 
naive, stem, ponder, bait, horse, private, 
naive, stem, ponder, bait, private, horse, 
naive, stem, bait, private, ponder, horse, 
naive, stem, bait, private, horse, ponder, 
naive, stem, bait, ponder, private, horse, 
naive, stem, bait, ponder, horse, private, 
naive, stem, bait, horse, ponder, private, 
naive, stem, bait, horse, private, ponder, 
naive, bait, horse, private, stem, ponder, 
naive, bait, horse, private, ponder, stem, 
naive, bait, horse, stem, private, ponder, 
naive, bait, horse, stem, ponder, private, 
naive, bait, horse, ponder, stem, private, 
naive, bait, horse, ponder, private, stem, 
naive, bait, private, horse, stem, ponder, 
naive, bait, private, horse, ponder, stem, 
naive, bait, private, stem, horse, ponder, 
naive, bait, private, stem, ponder, horse, 
naive, bait, private, ponder, stem, horse, 
naive, bait, private, ponder, horse, stem, 
naive, bait, stem, private, horse, ponder, 
naive, bait, stem, private, ponder, horse, 
naive, bait, stem, horse, private, ponder, 
naive, bait, stem, horse, ponder, private, 
naive, bait, stem, ponder, horse, private, 
naive, bait, stem, ponder, private, horse, 
naive, bait, ponder, private, stem, horse, 
naive, bait, ponder, private, horse, stem, 
naive, bait, ponder, stem, private, horse, 
naive, bait, ponder, stem, horse, private, 
naive, bait, ponder, horse, stem, private, 
naive, bait, ponder, horse, private, stem, 
bait, ponder, horse, private, naive, stem, 
bait, ponder, horse, private, stem, naive, 
bait, ponder, horse, naive, private, stem, 
bait, ponder, horse, naive, stem, private, 
bait, ponder, horse, stem, naive, private, 
bait, ponder, horse, stem, private, naive, 
bait, ponder, private, horse, naive, stem, 
bait, ponder, private, horse, stem, naive, 
bait, ponder, private, naive, horse, stem, 
bait, ponder, private, naive, stem, horse, 
bait, ponder, private, stem, naive, horse, 
bait, ponder, private, stem, horse, naive, 
bait, ponder, naive, private, horse, stem, 
bait, ponder, naive, private, stem, horse, 
bait, ponder, naive, horse, private, stem, 
bait, ponder, naive, horse, stem, private, 
bait, ponder, naive, stem, horse, private, 
bait, ponder, naive, stem, private, horse, 
bait, ponder, stem, private, naive, horse, 
bait, ponder, stem, private, horse, naive, 
bait, ponder, stem, naive, private, horse, 
bait, ponder, stem, naive, horse, private, 
bait, ponder, stem, horse, naive, private, 
bait, ponder, stem, horse, private, naive, 
bait, horse, ponder, private, naive, stem, 
bait, horse, ponder, private, stem, naive, 
bait, horse, ponder, naive, private, stem, 
bait, horse, ponder, naive, stem, private, 
bait, horse, ponder, stem, naive, private, 
bait, horse, ponder, stem, private, naive, 
bait, horse, private, ponder, naive, stem, 
bait, horse, private, ponder, stem, naive, 
bait, horse, private, naive, ponder, stem, 
bait, horse, private, naive, stem, ponder, 
bait, horse, private, stem, naive, ponder, 
bait, horse, private, stem, ponder, naive, 
bait, horse, naive, private, ponder, stem, 
bait, horse, naive, private, stem, ponder, 
bait, horse, naive, ponder, private, stem, 
bait, horse, naive, ponder, stem, private, 
bait, horse, naive, stem, ponder, private, 
bait, horse, naive, stem, private, ponder, 
bait, horse, stem, private, naive, ponder, 
bait, horse, stem, private, ponder, naive, 
bait, horse, stem, naive, private, ponder, 
bait, horse, stem, naive, ponder, private, 
bait, horse, stem, ponder, naive, private, 
bait, horse, stem, ponder, private, naive, 
bait, private, horse, ponder, naive, stem, 
bait, private, horse, ponder, stem, naive, 
bait, private, horse, naive, ponder, stem, 
bait, private, horse, naive, stem, ponder, 
bait, private, horse, stem, naive, ponder, 
bait, private, horse, stem, ponder, naive, 
bait, private, ponder, horse, naive, stem, 
bait, private, ponder, horse, stem, naive, 
bait, private, ponder, naive, horse, stem, 
bait, private, ponder, naive, stem, horse, 
bait, private, ponder, stem, naive, horse, 
bait, private, ponder, stem, horse, naive, 
bait, private, naive, ponder, horse, stem, 
bait, private, naive, ponder, stem, horse, 
bait, private, naive, horse, ponder, stem, 
bait, private, naive, horse, stem, ponder, 
bait, private, naive, stem, horse, ponder, 
bait, private, naive, stem, ponder, horse, 
bait, private, stem, ponder, naive, horse, 
bait, private, stem, ponder, horse, naive, 
bait, private, stem, naive, ponder, horse, 
bait, private, stem, naive, horse, ponder, 
bait, private, stem, horse, naive, ponder, 
bait, private, stem, horse, ponder, naive, 
bait, naive, horse, private, ponder, stem, 
bait, naive, horse, private, stem, ponder, 
bait, naive, horse, ponder, private, stem, 
bait, naive, horse, ponder, stem, private, 
bait, naive, horse, stem, ponder, private, 
bait, naive, horse, stem, private, ponder, 
bait, naive, private, horse, ponder, stem, 
bait, naive, private, horse, stem, ponder, 
bait, naive, private, ponder, horse, stem, 
bait, naive, private, ponder, stem, horse, 
bait, naive, private, stem, ponder, horse, 
bait, naive, private, stem, horse, ponder, 
bait, naive, ponder, private, horse, stem, 
bait, naive, ponder, private, stem, horse, 
bait, naive, ponder, horse, private, stem, 
bait, naive, ponder, horse, stem, private, 
bait, naive, ponder, stem, horse, private, 
bait, naive, ponder, stem, private, horse, 
bait, naive, stem, private, ponder, horse, 
bait, naive, stem, private, horse, ponder, 
bait, naive, stem, ponder, private, horse, 
bait, naive, stem, ponder, horse, private, 
bait, naive, stem, horse, ponder, private, 
bait, naive, stem, horse, private, ponder, 
bait, stem, horse, private, naive, ponder, 
bait, stem, horse, private, ponder, naive, 
bait, stem, horse, naive, private, ponder, 
bait, stem, horse, naive, ponder, private, 
bait, stem, horse, ponder, naive, private, 
bait, stem, horse, ponder, private, naive, 
bait, stem, private, horse, naive, ponder, 
bait, stem, private, horse, ponder, naive, 
bait, stem, private, naive, horse, ponder, 
bait, stem, private, naive, ponder, horse, 
bait, stem, private, ponder, naive, horse, 
bait, stem, private, ponder, horse, naive, 
bait, stem, naive, private, horse, ponder, 
bait, stem, naive, private, ponder, horse, 
bait, stem, naive, horse, private, ponder, 
bait, stem, naive, horse, ponder, private, 
bait, stem, naive, ponder, horse, private, 
bait, stem, naive, ponder, private, horse, 
bait, stem, ponder, private, naive, horse, 
bait, stem, ponder, private, horse, naive, 
bait, stem, ponder, naive, private, horse, 
bait, stem, ponder, naive, horse, private, 
bait, stem, ponder, horse, naive, private, 
bait, stem, ponder, horse, private, naive, 
