value, sport, has, 
value, sport, arrived, 
value, sport, at, 
value, sport, new, 
value, sport, regulations, 
value, sport, infulence, 
value, has, arrived, 
value, has, at, 
value, has, new, 
value, has, regulations, 
value, has, infulence, 
value, arrived, at, 
value, arrived, new, 
value, arrived, regulations, 
value, arrived, infulence, 
value, at, new, 
value, at, regulations, 
value, at, infulence, 
value, new, regulations, 
value, new, infulence, 
value, regulations, infulence, 
sport, has, arrived, 
sport, has, at, 
sport, has, new, 
sport, has, regulations, 
sport, has, infulence, 
sport, arrived, at, 
sport, arrived, new, 
sport, arrived, regulations, 
sport, arrived, infulence, 
sport, at, new, 
sport, at, regulations, 
sport, at, infulence, 
sport, new, regulations, 
sport, new, infulence, 
sport, regulations, infulence, 
has, arrived, at, 
has, arrived, new, 
has, arrived, regulations, 
has, arrived, infulence, 
has, at, new, 
has, at, regulations, 
has, at, infulence, 
has, new, regulations, 
has, new, infulence, 
has, regulations, infulence, 
arrived, at, new, 
arrived, at, regulations, 
arrived, at, infulence, 
arrived, new, regulations, 
arrived, new, infulence, 
arrived, regulations, infulence, 
at, new, regulations, 
at, new, infulence, 
at, regulations, infulence, 
new, regulations, infulence, 
