1: Natividad , 2021
2: Eyian , 2020
4: Rhyla , 2019
5: Premier , 2022
7: Redding , 2020
8: Rennick , 2021
9: Ziyang , 2019
12: Jaxston , 2021
13: Jerz , 2019
14: Luann , 2021
15: Nataley , 2022
17: Javan , 2021
18: Evina , 2019
19: Finnick , 2022
20: Nili , 2019
22: Rohan , 2019
23: Lynox , 2019
26: Sayuri , 2022
27: Miro , 2018
29: Meridian , 2021
31: Michaelanthony , 2018
32: Zhane , 2018
33: Mehjabeen , 2018
35: Keliah , 2020
36: Malhar , 2021
37: Juandavid , 2021
38: Rayleigh , 2020
39: Jocee , 2021
40: Jayln , 2021
41: Emily , 2019
42: Nitara , 2019
43: Evleen , 2021
44: Raegyn , 2019
45: Samanvi , 2022
47: Samatar , 2021
49: Evalisse , 2021
50: Sal , 2022
51: Emmer , 2018
52: Keilynn , 2020
53: Trisha , 2019
55: Sandy , 2022
56: Ramy , 2019
57: Findley , 2018
59: Jadah , 2021
60: Maxwel , 2022
61: Virgil , 2022
62: Micaela , 2018
63: Srinidhi , 2022
65: Ruger , 2018
66: Vedanshi , 2020
68: Kyce , 2018
70: Pippi , 2022
71: Kol , 2021
72: Joel , 2022
73: Rayhan , 2022
74: Sarra , 2020
75: Viera , 2022
76: Gayatri , 2021
79: Marianna , 2021
80: Lanah , 2022
81: Riah , 2018
83: Mariangel , 2020
85: Shani , 2021
86: Yeshia , 2021
87: Yafa , 2022
89: Dedrick , 2021
90: Tessla , 2022
93: Samus , 2019
95: Sahid , 2020
97: Rhylee , 2020
99: Sadieann , 2022
100: Numa , 2022
101: Dianne , 2020
104: Kyen , 2019
106: Farzona , 2019
107: Maziya , 2021
109: Jamarious , 2022
110: Ori , 2021
111: Yohandri , 2022
114: Shifra , 2020
115: Santiana , 2019
116: Melquisedec , 2021
117: Lamyiah , 2018
118: Saryiah , 2019
119: Ellowyn , 2021
120: Jacen , 2020
121: Geraldo , 2019
122: Natalia , 2018
123: Zaylor , 2018
124: Zayleah , 2018
125: Truett , 2020
127: Everrett , 2021
128: Leolani , 2022
129: Jayah , 2020
130: Ramaya , 2020
131: Kaheem , 2022
132: Salah , 2019
134: Trygve , 2018
135: Stellaluna , 2019
138: Hayleigh , 2022
140: Shilo , 2021
141: Ilithyia , 2018
142: Gahan , 2021
144: Jaeshaun , 2022
146: Isileli , 2021
147: Saiyan , 2022
148: Kashlyn , 2018
149: Joylynn , 2020
150: Yamajesty , 2019
151: Lema , 2018
152: Keslee , 2020
155: Damontay , 2021
156: Jashun , 2021
157: Nereida , 2020
158: Odinn , 2018
159: Vansh , 2019
161: Haydon , 2019
162: Drexler , 2020
164: Lexander , 2020
165: Seleny , 2020
166: Kaylianna , 2020
167: Dominique , 2020
168: Suhaira , 2021
169: Nikoli , 2021
170: Shilynn , 2022
171: Kanishk , 2019
172: Lejend , 2018
173: Sonam , 2019
175: Micaella , 2021
176: Damiyah , 2019
177: Jailene , 2020
178: Karsyn , 2022
179: Dee , 2020
180: Jaretzi , 2021
181: Nakaylah , 2020
182: Yisrael , 2022
183: Kyler , 2019
184: Jazier , 2018
186: Macyn , 2022
188: Marine , 2018
189: Daeson , 2018
191: Jovonte , 2018
192: Terrianna , 2022
193: Denilson , 2018
194: Lou , 2018
195: Tai , 2021
196: Inari , 2021
197: Raedyn , 2019
198: Remick , 2021
199: Kaimani , 2018
200: Lovely , 2021
