143: Aashirya , 2018
88: Abdulai , 2021
16: Addelynn , 2021
174: Adiel , 2019
25: Aedin , 2020
67: Airess , 2022
160: Aiydan , 2020
34: Aizen , 2022
112: Alaysha , 2020
21: Aleksandr , 2020
103: Aliani , 2020
136: Alys , 2022
187: Ambrosia , 2018
46: Amirjon , 2022
58: Amiyah , 2019
145: Amorah , 2021
54: Analeigh , 2020
163: Anevay , 2019
11: Anir , 2021
96: Anmol , 2020
69: Araia , 2020
133: Arilynn , 2018
82: Aristotelis , 2021
108: Aryan , 2018
137: Asa , 2019
139: August , 2022
153: Auna , 2021
24: Averianna , 2020
105: Avis , 2018
113: Azayla , 2018
185: Azaylia , 2022
91: Azrael , 2021
126: Basel , 2019
64: Benoit , 2021
190: Berel , 2019
28: Bradly , 2020
78: Braelyn , 2021
77: Brayen , 2018
92: Brayshawn , 2020
98: Breighlyn , 2021
154: Brigg , 2021
6: Camp , 2021
102: Chenxi , 2019
30: Cherilyn , 2019
94: Chloe , 2021
48: Collyn , 2020
84: Colten , 2022
10: Copelynn , 2021
3: Cosme , 2022
189: Daeson , 2018
176: Damiyah , 2019
155: Damontay , 2021
89: Dedrick , 2021
179: Dee , 2020
193: Denilson , 2018
101: Dianne , 2020
167: Dominique , 2020
162: Drexler , 2020
119: Ellowyn , 2021
41: Emily , 2019
51: Emmer , 2018
49: Evalisse , 2021
127: Everrett , 2021
18: Evina , 2019
43: Evleen , 2021
2: Eyian , 2020
106: Farzona , 2019
57: Findley , 2018
19: Finnick , 2022
142: Gahan , 2021
76: Gayatri , 2021
121: Geraldo , 2019
161: Haydon , 2019
138: Hayleigh , 2022
141: Ilithyia , 2018
196: Inari , 2021
146: Isileli , 2021
120: Jacen , 2020
59: Jadah , 2021
144: Jaeshaun , 2022
177: Jailene , 2020
109: Jamarious , 2022
180: Jaretzi , 2021
156: Jashun , 2021
17: Javan , 2021
12: Jaxston , 2021
129: Jayah , 2020
40: Jayln , 2021
184: Jazier , 2018
13: Jerz , 2019
39: Jocee , 2021
72: Joel , 2022
191: Jovonte , 2018
149: Joylynn , 2020
37: Juandavid , 2021
131: Kaheem , 2022
199: Kaimani , 2018
171: Kanishk , 2019
178: Karsyn , 2022
148: Kashlyn , 2018
166: Kaylianna , 2020
52: Keilynn , 2020
35: Keliah , 2020
152: Keslee , 2020
71: Kol , 2021
68: Kyce , 2018
104: Kyen , 2019
183: Kyler , 2019
117: Lamyiah , 2018
80: Lanah , 2022
172: Lejend , 2018
151: Lema , 2018
128: Leolani , 2022
164: Lexander , 2020
194: Lou , 2018
200: Lovely , 2021
14: Luann , 2021
23: Lynox , 2019
186: Macyn , 2022
36: Malhar , 2021
83: Mariangel , 2020
79: Marianna , 2021
188: Marine , 2018
60: Maxwel , 2022
107: Maziya , 2021
33: Mehjabeen , 2018
116: Melquisedec , 2021
29: Meridian , 2021
62: Micaela , 2018
175: Micaella , 2021
31: Michaelanthony , 2018
27: Miro , 2018
181: Nakaylah , 2020
15: Nataley , 2022
122: Natalia , 2018
1: Natividad , 2021
157: Nereida , 2020
169: Nikoli , 2021
20: Nili , 2019
42: Nitara , 2019
100: Numa , 2022
158: Odinn , 2018
110: Ori , 2021
70: Pippi , 2022
5: Premier , 2022
197: Raedyn , 2019
44: Raegyn , 2019
130: Ramaya , 2020
56: Ramy , 2019
73: Rayhan , 2022
38: Rayleigh , 2020
7: Redding , 2020
198: Remick , 2021
8: Rennick , 2021
4: Rhyla , 2019
97: Rhylee , 2020
81: Riah , 2018
22: Rohan , 2019
65: Ruger , 2018
99: Sadieann , 2022
95: Sahid , 2020
147: Saiyan , 2022
50: Sal , 2022
132: Salah , 2019
45: Samanvi , 2022
47: Samatar , 2021
93: Samus , 2019
55: Sandy , 2022
115: Santiana , 2019
74: Sarra , 2020
118: Saryiah , 2019
26: Sayuri , 2022
165: Seleny , 2020
85: Shani , 2021
114: Shifra , 2020
140: Shilo , 2021
170: Shilynn , 2022
173: Sonam , 2019
63: Srinidhi , 2022
135: Stellaluna , 2019
168: Suhaira , 2021
195: Tai , 2021
192: Terrianna , 2022
90: Tessla , 2022
53: Trisha , 2019
125: Truett , 2020
134: Trygve , 2018
159: Vansh , 2019
66: Vedanshi , 2020
75: Viera , 2022
61: Virgil , 2022
87: Yafa , 2022
150: Yamajesty , 2019
86: Yeshia , 2021
182: Yisrael , 2022
111: Yohandri , 2022
124: Zayleah , 2018
123: Zaylor , 2018
32: Zhane , 2018
9: Ziyang , 2019
