199: Kaimani , 2018
194: Lou , 2018
193: Denilson , 2018
191: Jovonte , 2018
189: Daeson , 2018
188: Marine , 2018
187: Ambrosia , 2018
184: Jazier , 2018
172: Lejend , 2018
158: Odinn , 2018
151: Lema , 2018
148: Kashlyn , 2018
143: Aashirya , 2018
141: Ilithyia , 2018
134: Trygve , 2018
133: Arilynn , 2018
124: Zayleah , 2018
123: Zaylor , 2018
122: Natalia , 2018
117: Lamyiah , 2018
113: Azayla , 2018
108: Aryan , 2018
105: Avis , 2018
81: Riah , 2018
77: Brayen , 2018
68: Kyce , 2018
65: Ruger , 2018
62: Micaela , 2018
57: Findley , 2018
51: Emmer , 2018
33: Mehjabeen , 2018
32: Zhane , 2018
31: Michaelanthony , 2018
27: Miro , 2018
197: Raedyn , 2019
190: Berel , 2019
183: Kyler , 2019
176: Damiyah , 2019
174: Adiel , 2019
173: Sonam , 2019
171: Kanishk , 2019
163: Anevay , 2019
161: Haydon , 2019
159: Vansh , 2019
150: Yamajesty , 2019
137: Asa , 2019
135: Stellaluna , 2019
132: Salah , 2019
126: Basel , 2019
121: Geraldo , 2019
118: Saryiah , 2019
115: Santiana , 2019
106: Farzona , 2019
104: Kyen , 2019
102: Chenxi , 2019
93: Samus , 2019
58: Amiyah , 2019
56: Ramy , 2019
53: Trisha , 2019
44: Raegyn , 2019
42: Nitara , 2019
41: Emily , 2019
30: Cherilyn , 2019
23: Lynox , 2019
22: Rohan , 2019
20: Nili , 2019
18: Evina , 2019
13: Jerz , 2019
9: Ziyang , 2019
4: Rhyla , 2019
181: Nakaylah , 2020
179: Dee , 2020
177: Jailene , 2020
167: Dominique , 2020
166: Kaylianna , 2020
165: Seleny , 2020
164: Lexander , 2020
162: Drexler , 2020
160: Aiydan , 2020
157: Nereida , 2020
152: Keslee , 2020
149: Joylynn , 2020
130: Ramaya , 2020
129: Jayah , 2020
125: Truett , 2020
120: Jacen , 2020
114: Shifra , 2020
112: Alaysha , 2020
103: Aliani , 2020
101: Dianne , 2020
97: Rhylee , 2020
96: Anmol , 2020
95: Sahid , 2020
92: Brayshawn , 2020
83: Mariangel , 2020
74: Sarra , 2020
69: Araia , 2020
66: Vedanshi , 2020
54: Analeigh , 2020
52: Keilynn , 2020
48: Collyn , 2020
38: Rayleigh , 2020
35: Keliah , 2020
28: Bradly , 2020
25: Aedin , 2020
24: Averianna , 2020
21: Aleksandr , 2020
7: Redding , 2020
2: Eyian , 2020
200: Lovely , 2021
198: Remick , 2021
196: Inari , 2021
195: Tai , 2021
180: Jaretzi , 2021
175: Micaella , 2021
169: Nikoli , 2021
168: Suhaira , 2021
156: Jashun , 2021
155: Damontay , 2021
154: Brigg , 2021
153: Auna , 2021
146: Isileli , 2021
145: Amorah , 2021
142: Gahan , 2021
140: Shilo , 2021
127: Everrett , 2021
119: Ellowyn , 2021
116: Melquisedec , 2021
110: Ori , 2021
107: Maziya , 2021
98: Breighlyn , 2021
94: Chloe , 2021
91: Azrael , 2021
89: Dedrick , 2021
88: Abdulai , 2021
86: Yeshia , 2021
85: Shani , 2021
82: Aristotelis , 2021
79: Marianna , 2021
78: Braelyn , 2021
76: Gayatri , 2021
71: Kol , 2021
64: Benoit , 2021
59: Jadah , 2021
49: Evalisse , 2021
47: Samatar , 2021
43: Evleen , 2021
40: Jayln , 2021
39: Jocee , 2021
37: Juandavid , 2021
36: Malhar , 2021
29: Meridian , 2021
17: Javan , 2021
16: Addelynn , 2021
14: Luann , 2021
12: Jaxston , 2021
11: Anir , 2021
10: Copelynn , 2021
8: Rennick , 2021
6: Camp , 2021
1: Natividad , 2021
192: Terrianna , 2022
186: Macyn , 2022
185: Azaylia , 2022
182: Yisrael , 2022
178: Karsyn , 2022
170: Shilynn , 2022
147: Saiyan , 2022
144: Jaeshaun , 2022
139: August , 2022
138: Hayleigh , 2022
136: Alys , 2022
131: Kaheem , 2022
128: Leolani , 2022
111: Yohandri , 2022
109: Jamarious , 2022
100: Numa , 2022
99: Sadieann , 2022
90: Tessla , 2022
87: Yafa , 2022
84: Colten , 2022
80: Lanah , 2022
75: Viera , 2022
73: Rayhan , 2022
72: Joel , 2022
70: Pippi , 2022
67: Airess , 2022
63: Srinidhi , 2022
61: Virgil , 2022
60: Maxwel , 2022
55: Sandy , 2022
50: Sal , 2022
46: Amirjon , 2022
45: Samanvi , 2022
34: Aizen , 2022
26: Sayuri , 2022
19: Finnick , 2022
15: Nataley , 2022
5: Premier , 2022
3: Cosme , 2022
