11: Anir , 2021
16: Addelynn , 2021
21: Aleksandr , 2020
24: Averianna , 2020
25: Aedin , 2020
34: Aizen , 2022
46: Amirjon , 2022
54: Analeigh , 2020
58: Amiyah , 2019
67: Airess , 2022
69: Araia , 2020
82: Aristotelis , 2021
88: Abdulai , 2021
91: Azrael , 2021
96: Anmol , 2020
103: Aliani , 2020
105: Avis , 2018
108: Aryan , 2018
112: Alaysha , 2020
113: Azayla , 2018
133: Arilynn , 2018
136: Alys , 2022
137: Asa , 2019
139: August , 2022
143: Aashirya , 2018
145: Amorah , 2021
153: Auna , 2021
160: Aiydan , 2020
163: Anevay , 2019
174: Adiel , 2019
185: Azaylia , 2022
187: Ambrosia , 2018
