-38.467851 -31.606325 
-38.467851 -31.606325 
33.962911 31.728013 
33.962911 31.728013 
-38.467851 -31.606325 
33.962911 31.728013 
33.962911 31.728013 
33.962911 31.728013 
-38.467851 -31.606325 
-38.467851 -31.606325 
-38.467851 -31.606325 
33.962911 31.728013 
-38.467851 -31.606325 
-38.467851 -31.606325 
-38.467851 -31.606325 
33.962911 31.728013 
-38.467851 -31.606325 
33.962911 31.728013 
-38.467851 -31.606325 
33.962911 31.728013 
33.962911 31.728013 
